Microchip MPLAB XC8 Compiler V2.40

Linker command line:

-W-3 \
  --edf=C:\Program Files\Microchip\xc8\v2.40\pic\dat\20220703182018_en.msgs \
  -cn -h+dist/default/production\LAB4Master.X.production.sym \
  --cmf=dist/default/production\LAB4Master.X.production.cmf -z -Q16F887 \
  -oC:\Users\Migue\AppData\Local\Temp\xcAs6ig.4 --defsym=__MPLAB_BUILD=1 \
  --fixupoverflow=error \
  -Mdist/default/production/LAB4Master.X.production.map \
  --md=C:\Users\Migue\AppData\Local\Temp\xcAs6ig.dat -E1 -ver=XC8 Compiler \
  --acfsm=1493 -ACODE=00h-07FFhx4 -ASTRCODE=00h-01FFFh -ASTRING=00h-0FFhx32 \
  -ACONST=00h-0FFhx32 -AENTRY=00h-0FFhx32 -ACOMMON=070h-07Fh \
  -ABANK0=020h-06Fh -ABANK1=0A0h-0EFh -ABANK2=0110h-016Fh \
  -ABANK3=0190h-01EFh -ARAM=020h-06Fh,0A0h-0EFh,0110h-016Fh,0190h-01EFh \
  -AABS1=020h-07Fh,0A0h-0EFh,0110h-016Fh,0190h-01EFh -ASFR0=00h-01Fh \
  -ASFR1=080h-09Fh -ASFR2=0100h-010Fh -ASFR3=0180h-018Fh \
  -ACONFIG=02007h-02008h -DCONFIG=2 -AIDLOC=02000h-02003h -DIDLOC=2 \
  -AEEDATA=00h-0FFh/02100h -peeprom_data=EEDATA -DEEDATA=2 -DCODE=2 \
  -DSTRCODE=2 -DSTRING=2 -DCONST=2 -DENTRY=2 \
  -preset_vec=00h,intentry=04h,init,end_init -ppowerup=CODE -pcinit=CODE \
  -pfunctab=ENTRY -k C:\Users\Migue\AppData\Local\Temp\xcAs6ig.o \
  dist/default/production\LAB4Master.X.production.o 

Object code version is 3.11

Machine type is 16F887



                Name                               Link     Load   Length Selector   Space Scale
C:\Users\Migue\AppData\Local\Temp\xcAs6ig.o
                end_init                              C        C        3        8       0
                reset_vec                             0        0        3        0       0
                config                             2007     2007        2        0       4
                idloc                              2000     2000        4        0       5
dist/default/production\LAB4Master.X.production.o
                cinit                                 F        F       19        8       0
                intentry                              4        4        8        8       0
                config                             2007     2007        2        0       4
                idloc                              2000     2000        4        0       5
                text40                              D4B      D4B       58     1A96       0
                text39                              96D      96D       22     12DA       0
                text38                              913      913       1C     1226       0
                text37                              8E2      8E2        D     11C4       0
                text36                              F91      F91       6F     1F22       0
                text35                              F28      F28       69     1E50       0
                text34                              DA3      DA3       5B     1B46       0
                text33                              C27      C27       46     184E       0
                text32                              A5A      A5A       3C     14B4       0
                text31                              E5D      E5D       63     1CBA       0
                text30                              CFB      CFB       50     19F6       0
                text29                              8EF      8EF        D     11DE       0
                text28                              9BB      9BB       30     1376       0
                text27                              8BD      8BD        9     117A       0
                text26                              8C6      8C6        9     118C       0
                text25                              8CF      8CF        9     119E       0
                text24                              8D8      8D8        A     11B0       0
                text23                              8FC      8FC       17     11F8       0
                text22                              92F      92F       1F     125E       0
                text21                              AD8      AD8       43     15B0       0
                text20                              B1B      B1B       43     1636       0
                text19                              94E      94E       1F     129C       0
                text18                              B5E      B5E       43     16BC       0
                text17                              BA1      BA1       43     1742       0
                text16                              BE4      BE4       43     17C8       0
                text15                              A96      A96       42     152C       0
                text14                              6A2      6A2       9D        8       0
                text13                              CB3      CB3       48     1966       0
                text12                              5FA      5FA       A8        8       0
                text11                              7D6      7D6       27        8       0
                text10                              424      424      113        8       0
                text9                               EC0      EC0       68     1D80       0
                text8                               A20      A20       3A     1440       0
                text7                               98F      98F       2C     131E       0
                text6                               DFE      DFE       5F     1BFC       0
                text5                               73F      73F       97        8       0
                text4                               9EB      9EB       35     13D6       0
                text3                               C6D      C6D       46     18DA       0
                text2                               537      537       C3        8       0
                text1                               297      297      18D        8       0
                maintext                             28       28      26F        8       0
                cstackBANK0                          20       20       3E       20       1
                cstackCOMMON                         70       70        6       70       1
                cstackBANK1                          C2       C2        4       A0       1
                clrtext                             8B5      8B5        8     116A       0
                bssBANK1                             A0       A0       22       A0       1
                bssBANK0                             5E       5E       12       20       1
                bssCOMMON                            76       76        4       70       1
                strings                             800      800       26     1000       0

TOTAL           Name                               Link     Load   Length     Space
        CLASS   CODE           
                end_init                              C        C        3         0
                cinit                                 F        F       19         0
                intentry                              4        4        8         0
                reset_vec                             0        0        3         0
                text40                              D4B      D4B       58         0
                text39                              96D      96D       22         0
                text38                              913      913       1C         0
                text37                              8E2      8E2        D         0
                text36                              F91      F91       6F         0
                text35                              F28      F28       69         0
                text34                              DA3      DA3       5B         0
                text33                              C27      C27       46         0
                text32                              A5A      A5A       3C         0
                text31                              E5D      E5D       63         0
                text30                              CFB      CFB       50         0
                text29                              8EF      8EF        D         0
                text28                              9BB      9BB       30         0
                text27                              8BD      8BD        9         0
                text26                              8C6      8C6        9         0
                text25                              8CF      8CF        9         0
                text24                              8D8      8D8        A         0
                text23                              8FC      8FC       17         0
                text22                              92F      92F       1F         0
                text21                              AD8      AD8       43         0
                text20                              B1B      B1B       43         0
                text19                              94E      94E       1F         0
                text18                              B5E      B5E       43         0
                text17                              BA1      BA1       43         0
                text16                              BE4      BE4       43         0
                text15                              A96      A96       42         0
                text14                              6A2      6A2       9D         0
                text13                              CB3      CB3       48         0
                text12                              5FA      5FA       A8         0
                text11                              7D6      7D6       27         0
                text10                              424      424      113         0
                text9                               EC0      EC0       68         0
                text8                               A20      A20       3A         0
                text7                               98F      98F       2C         0
                text6                               DFE      DFE       5F         0
                text5                               73F      73F       97         0
                text4                               9EB      9EB       35         0
                text3                               C6D      C6D       46         0
                text2                               537      537       C3         0
                text1                               297      297      18D         0
                maintext                             28       28      26F         0
                clrtext                             8B5      8B5        8         0

        CLASS   STRCODE        

        CLASS   STRING         
                strings                             800      800       26         0

        CLASS   CONST          

        CLASS   ENTRY          

        CLASS   COMMON         
                cstackCOMMON                         70       70        6         1
                bssCOMMON                            76       76        4         1

        CLASS   BANK0          
                cstackBANK0                          20       20       3E         1
                bssBANK0                             5E       5E       12         1

        CLASS   BANK1          
                cstackBANK1                          C2       C2        4         1
                bssBANK1                             A0       A0       22         1

        CLASS   BANK2          

        CLASS   BANK3          

        CLASS   RAM            

        CLASS   ABS1           
                abs_s1                               7E       7E        2         1

        CLASS   SFR0           

        CLASS   SFR1           

        CLASS   SFR2           

        CLASS   SFR3           

        CLASS   CONFIG         
                config                             2007     2007        2         4

        CLASS   IDLOC          
                idloc                              2000     2000        4         5

        CLASS   EEDATA         

        CLASS   STACK          



SEGMENTS        Name                           Load    Length   Top    Selector   Space  Class     Delta

                reset_vec                      000000  000003  000003         0       0  CODE        2
                intentry                       000004  0007F9  0007FD         8       0  CODE        2
                cstackBANK0                    000020  000050  000070        20       1  BANK0       1
                cstackCOMMON                   000070  00000A  00007A        70       1  COMMON      1
                bssBANK1                       0000A0  000026  0000C6        A0       1  BANK1       1
                strings                        000800  000026  000826      1000       0  STRING      2
                clrtext                        0008B5  000008  0008BD      116A       0  CODE        2
                text27                         0008BD  000009  0008C6      117A       0  CODE        2
                text26                         0008C6  000009  0008CF      118C       0  CODE        2
                text25                         0008CF  000009  0008D8      119E       0  CODE        2
                text24                         0008D8  00000A  0008E2      11B0       0  CODE        2
                text37                         0008E2  00000D  0008EF      11C4       0  CODE        2
                text29                         0008EF  00000D  0008FC      11DE       0  CODE        2
                text23                         0008FC  000017  000913      11F8       0  CODE        2
                text38                         000913  00001C  00092F      1226       0  CODE        2
                text22                         00092F  00001F  00094E      125E       0  CODE        2
                text19                         00094E  00001F  00096D      129C       0  CODE        2
                text39                         00096D  000022  00098F      12DA       0  CODE        2
                text7                          00098F  00002C  0009BB      131E       0  CODE        2
                text28                         0009BB  000030  0009EB      1376       0  CODE        2
                text4                          0009EB  000035  000A20      13D6       0  CODE        2
                text8                          000A20  00003A  000A5A      1440       0  CODE        2
                text32                         000A5A  00003C  000A96      14B4       0  CODE        2
                text15                         000A96  000042  000AD8      152C       0  CODE        2
                text21                         000AD8  000043  000B1B      15B0       0  CODE        2
                text20                         000B1B  000043  000B5E      1636       0  CODE        2
                text18                         000B5E  000043  000BA1      16BC       0  CODE        2
                text17                         000BA1  000043  000BE4      1742       0  CODE        2
                text16                         000BE4  000043  000C27      17C8       0  CODE        2
                text33                         000C27  000046  000C6D      184E       0  CODE        2
                text3                          000C6D  000046  000CB3      18DA       0  CODE        2
                text13                         000CB3  000048  000CFB      1966       0  CODE        2
                text30                         000CFB  000050  000D4B      19F6       0  CODE        2
                text40                         000D4B  000058  000DA3      1A96       0  CODE        2
                text34                         000DA3  00005B  000DFE      1B46       0  CODE        2
                text6                          000DFE  00005F  000E5D      1BFC       0  CODE        2
                text31                         000E5D  000063  000EC0      1CBA       0  CODE        2
                text9                          000EC0  000068  000F28      1D80       0  CODE        2
                text35                         000F28  000069  000F91      1E50       0  CODE        2
                text36                         000F91  00006F  001000      1F22       0  CODE        2


UNUSED ADDRESS RANGES

        Name                Unused          Largest block    Delta
        BANK1            00C6-00EF             2A           1
        BANK2            0110-016F             60           1
        BANK3            0190-01EF             60           1
        CODE             0003-0003              1           2
                         07FD-07FF              3
                         0826-08B4             8F
                         1000-1FFF            800
        COMMON           007A-007D              4           1
        CONST            0003-0003              1           2
                         07FD-07FF              3
                         0826-08B4             8F
                         1000-1FFF            100
        EEDATA           2100-21FF            100           2
        ENTRY            0003-0003              1           2
                         07FD-07FF              3
                         0826-08B4             8F
                         1000-1FFF            100
        RAM              00C6-00EF             2A           1
                         0110-016F             60
                         0190-01EF             60
        SFR0             0000-001F             20           1
        SFR1             0080-009F             20           1
        SFR2             0100-010F             10           1
        SFR3             0180-018F             10           1
        STRCODE          0003-0003              1           2
                         07FD-07FF              3
                         0826-08B4             8F
                         1000-1FFF           1000
        STRING           0003-0003              1           2
                         07FD-07FF              3
                         0826-08B4             8F
                         1000-1FFF            100

                                  Symbol Table

?_I2C_Master_Read                 cstackCOMMON 0074
?___aldiv                         cstackBANK0  002C
?___awdiv                         cstackBANK0  0020
?___awmod                         cstackBANK0  0020
?___lldiv                         cstackBANK0  0020
?___lmul                          cstackBANK0  0020
?___lwdiv                         cstackBANK0  0020
?___lwmod                         cstackBANK0  0027
?_map                             cstackBANK0  003A
?_sprintf                         cstackBANK0  002C
I2C_Master_Init@c                 cstackBANK0  002D
I2C_Master_Read@a                 cstackCOMMON 0074
I2C_Master_Read@temp              cstackBANK0  0022
I2C_Master_Write@d                cstackCOMMON 0074
Lcd_Cmd@a                         cstackCOMMON 0075
Lcd_Port@a                        cstackCOMMON 0074
Lcd_Set_Cursor@a                  cstackBANK0  0024
Lcd_Set_Cursor@b                  cstackBANK0  0022
Lcd_Set_Cursor@temp               cstackBANK0  0027
Lcd_Set_Cursor@y                  cstackBANK0  0026
Lcd_Set_Cursor@z                  cstackBANK0  0025
Lcd_Write_Char@a                  cstackBANK0  0022
Lcd_Write_Char@temp               cstackBANK0  0020
Lcd_Write_Char@y                  cstackBANK0  0021
Lcd_Write_String@a                cstackBANK0  0023
Lcd_Write_String@i                cstackBANK0  0028
_ADCON0bits                       (abs)        001F
_ADCON1bits                       (abs)        009F
_ADIF                             (abs)        0066
_ADRESH                           (abs)        001E
_ANSEL                            (abs)        0188
_ANSELH                           (abs)        0189
_ANSELbits                        (abs)        0188
_GIE                              (abs)        005F
_I2C_Master_Init                  text8        0A20
_I2C_Master_Read                  text28       09BB
_I2C_Master_RepeatedStart         text27       08BD
_I2C_Master_Start                 text26       08C6
_I2C_Master_Stop                  text25       08CF
_I2C_Master_Wait                  text29       08EF
_I2C_Master_Write                 text24       08D8
_INTCONbits                       (abs)        000B
_IOCBbits                         (abs)        0096
_ISR                              text40       0D4B
_Lcd_Clear                        text37       08E2
_Lcd_Cmd                          text38       0913
_Lcd_Init                         text36       0F91
_Lcd_Port                         text39       096D
_Lcd_Set_Cursor                   text5        073F
_Lcd_Write_Char                   text4        09EB
_Lcd_Write_String                 text3        0C6D
_OPTION_REGbits                   (abs)        0081
_OSCCONbits                       (abs)        008F
_PEIE                             (abs)        005E
_PORTA                            (abs)        0005
_PORTAbits                        (abs)        0005
_PORTB                            (abs)        0006
_PORTBbits                        (abs)        0006
_PORTD                            (abs)        0008
_PORTDbits                        (abs)        0008
_PORTE                            (abs)        0009
_RBIF                             (abs)        0058
_SSPADD                           (abs)        0093
_SSPBUF                           (abs)        0013
_SSPCON                           (abs)        0014
_SSPCON2                          (abs)        0091
_SSPCON2bits                      (abs)        0091
_SSPIE                            (abs)        0463
_SSPIF                            (abs)        0063
_SSPSTAT                          (abs)        0094
_TRISA                            (abs)        0085
_TRISAbits                        (abs)        0085
_TRISB                            (abs)        0086
_TRISC3                           (abs)        043B
_TRISC4                           (abs)        043C
_TRISCbits                        (abs)        0087
_TRISD                            (abs)        0088
_TRISDbits                        (abs)        0088
_V1                               bssBANK0     006E
_VOLT1                            bssBANK1     00A4
_WPUBbits                         (abs)        0095
__Habs1                           abs1         0000
__Hbank0                          bank0        0000
__Hbank1                          bank1        0000
__Hbank2                          bank2        0000
__Hbank3                          bank3        0000
__HbssBANK0                       bssBANK0     0000
__HbssBANK1                       bssBANK1     0000
__HbssCOMMON                      bssCOMMON    0000
__Hcinit                          cinit        0028
__Hclrtext                        clrtext      0000
__Hcode                           code         0000
__Hcommon                         common       0000
__Hconfig                         config       2009
__HcstackBANK0                    cstackBANK0  0000
__HcstackBANK1                    cstackBANK1  0000
__HcstackCOMMON                   cstackCOMMON 0000
__Heeprom_data                    eeprom_data  0000
__Hend_init                       end_init     000F
__Hfunctab                        functab      0000
__Hidloc                          idloc        2004
__Hinit                           init         000C
__Hintentry                       intentry     000C
__Hmaintext                       maintext     0000
__Hpowerup                        powerup      0000
__Hram                            ram          0000
__Hreset_vec                      reset_vec    0003
__Hsfr0                           sfr0         0000
__Hsfr1                           sfr1         0000
__Hsfr2                           sfr2         0000
__Hsfr3                           sfr3         0000
__Hspace_0                        (abs)        1000
__Hspace_1                        (abs)        00C6
__Hspace_2                        (abs)        0000
__Hspace_3                        (abs)        0000
__Hspace_4                        (abs)        4010
__Hstack                          stack        0000
__Hstrings                        strings      0000
__Htext                           text         0000
__Labs1                           abs1         0000
__Lbank0                          bank0        0000
__Lbank1                          bank1        0000
__Lbank2                          bank2        0000
__Lbank3                          bank3        0000
__LbssBANK0                       bssBANK0     0000
__LbssBANK1                       bssBANK1     0000
__LbssCOMMON                      bssCOMMON    0000
__Lcinit                          cinit        000F
__Lclrtext                        clrtext      0000
__Lcode                           code         0000
__Lcommon                         common       0000
__Lconfig                         config       0000
__LcstackBANK0                    cstackBANK0  0000
__LcstackBANK1                    cstackBANK1  0000
__LcstackCOMMON                   cstackCOMMON 0000
__Leeprom_data                    eeprom_data  0000
__Lend_init                       end_init     000C
__Lfunctab                        functab      0000
__Lidloc                          idloc        0000
__Linit                           init         000C
__Lintentry                       intentry     0004
__Lmaintext                       maintext     0000
__Lpowerup                        powerup      0000
__Lram                            ram          0000
__Lreset_vec                      reset_vec    0000
__Lsfr0                           sfr0         0000
__Lsfr1                           sfr1         0000
__Lsfr2                           sfr2         0000
__Lsfr3                           sfr3         0000
__Lspace_0                        (abs)        0000
__Lspace_1                        (abs)        0000
__Lspace_2                        (abs)        0000
__Lspace_3                        (abs)        0000
__Lspace_4                        (abs)        0000
__Lstack                          stack        0000
__Lstrings                        strings      0000
__Ltext                           text         0000
__S0                              (abs)        1000
__S1                              (abs)        00C6
__S3                              (abs)        0000
___aldiv                          text14       06A2
___aldiv@counter                  cstackBANK0  0034
___aldiv@dividend                 cstackBANK0  0030
___aldiv@divisor                  cstackBANK0  002C
___aldiv@quotient                 cstackBANK0  0036
___aldiv@sign                     cstackBANK0  0035
___awdiv                          text35       0F28
___awdiv@counter                  cstackBANK0  0024
___awdiv@dividend                 cstackBANK0  0022
___awdiv@divisor                  cstackBANK0  0020
___awdiv@quotient                 cstackBANK0  0026
___awdiv@sign                     cstackBANK0  0025
___awmod                          text34       0DA3
___awmod@counter                  cstackBANK0  0024
___awmod@dividend                 cstackBANK0  0022
___awmod@divisor                  cstackBANK0  0020
___awmod@sign                     cstackBANK0  0025
___bmul                           text23       08FC
___bmul@multiplicand              cstackCOMMON 0074
___bmul@multiplier                cstackBANK0  0021
___bmul@product                   cstackBANK0  0020
___int_sp                         stack        0000
___latbits                        (abs)        0002
___lldiv                          text9        0EC0
___lldiv@counter                  cstackBANK0  002C
___lldiv@dividend                 cstackBANK0  0024
___lldiv@divisor                  cstackBANK0  0020
___lldiv@quotient                 cstackBANK0  0028
___lmul                           text13       0CB3
___lmul@multiplicand              cstackBANK0  0024
___lmul@multiplier                cstackBANK0  0020
___lmul@product                   cstackBANK0  0028
___lwdiv                          text33       0C27
___lwdiv@counter                  cstackBANK0  0024
___lwdiv@dividend                 cstackBANK0  0022
___lwdiv@divisor                  cstackBANK0  0020
___lwdiv@quotient                 cstackBANK0  0025
___lwmod                          text32       0A5A
___lwmod@counter                  cstackBANK0  002B
___lwmod@dividend                 cstackBANK0  0029
___lwmod@divisor                  cstackBANK0  0027
___sp                             stack        0000
___stackhi                        (abs)        0000
___stacklo                        (abs)        0000
__end_of_I2C_Master_Init          text8        0A5A
__end_of_I2C_Master_Read          text28       09EB
__end_of_I2C_Master_RepeatedStart text27       08C6
__end_of_I2C_Master_Start         text26       08CF
__end_of_I2C_Master_Stop          text25       08D8
__end_of_I2C_Master_Wait          text29       08FC
__end_of_I2C_Master_Write         text24       08E2
__end_of_ISR                      text40       0DA3
__end_of_Lcd_Clear                text37       08EF
__end_of_Lcd_Cmd                  text38       092F
__end_of_Lcd_Init                 text36       1000
__end_of_Lcd_Port                 text39       098F
__end_of_Lcd_Set_Cursor           text5        07D6
__end_of_Lcd_Write_Char           text4        0A20
__end_of_Lcd_Write_String         text3        0CB3
__end_of___aldiv                  text14       073F
__end_of___awdiv                  text35       0F91
__end_of___awmod                  text34       0DFE
__end_of___bmul                   text23       0913
__end_of___lldiv                  text9        0F28
__end_of___lmul                   text13       0CFB
__end_of___lwdiv                  text33       0C6D
__end_of___lwmod                  text32       0A96
__end_of__initialization          cinit        0024
__end_of__stringtab               strings      0810
__end_of_conv                     text22       094E
__end_of_convh                    text19       096D
__end_of_descomponer              text31       0EC0
__end_of_dpowers                  strings      081A
__end_of_inttochar                text30       0D4B
__end_of_leer_ano                 text21       0B1B
__end_of_leer_dia                 text20       0B5E
__end_of_leer_hora                text18       0BA1
__end_of_leer_mes                 text17       0BE4
__end_of_leer_min                 text16       0C27
__end_of_leer_sec                 text15       0AD8
__end_of_main                     maintext     0297
__end_of_map                      text12       06A2
__end_of_modoboton                text10       0537
__end_of_setup                    text7        09BB
__end_of_setupINTOSC              text6        0E5D
__end_of_sprintf                  text2        05FA
__end_of_valorLCD                 text1        0424
__end_of_verificacion             text11       07FD
__initialization                  cinit        000F
__pbssBANK0                       bssBANK0     005E
__pbssBANK1                       bssBANK1     00A0
__pbssCOMMON                      bssCOMMON    0076
__pcstackBANK0                    cstackBANK0  0020
__pcstackBANK1                    cstackBANK1  00C2
__pcstackCOMMON                   cstackCOMMON 0070
__pintentry                       intentry     0004
__pmaintext                       maintext     0028
__pstrings                        strings      0800
__ptext1                          text1        0297
__ptext10                         text10       0424
__ptext11                         text11       07D6
__ptext12                         text12       05FA
__ptext13                         text13       0CB3
__ptext14                         text14       06A2
__ptext15                         text15       0A96
__ptext16                         text16       0BE4
__ptext17                         text17       0BA1
__ptext18                         text18       0B5E
__ptext19                         text19       094E
__ptext2                          text2        0537
__ptext20                         text20       0B1B
__ptext21                         text21       0AD8
__ptext22                         text22       092F
__ptext23                         text23       08FC
__ptext24                         text24       08D8
__ptext25                         text25       08CF
__ptext26                         text26       08C6
__ptext27                         text27       08BD
__ptext28                         text28       09BB
__ptext29                         text29       08EF
__ptext3                          text3        0C6D
__ptext30                         text30       0CFB
__ptext31                         text31       0E5D
__ptext32                         text32       0A5A
__ptext33                         text33       0C27
__ptext34                         text34       0DA3
__ptext35                         text35       0F28
__ptext36                         text36       0F91
__ptext37                         text37       08E2
__ptext38                         text38       0913
__ptext39                         text39       096D
__ptext4                          text4        09EB
__ptext40                         text40       0D4B
__ptext5                          text5        073F
__ptext6                          text6        0DFE
__ptext7                          text7        098F
__ptext8                          text8        0A20
__ptext9                          text9        0EC0
__stringbase                      strings      080F
__stringtab                       strings      0800
_ano                              bssBANK0     005E
_anos                             bssBANK0     0068
_buffer                           bssBANK1     00AE
_cambio                           bssCOMMON    0079
_conv                             text22       092F
_convh                            text19       094E
_dano                             bssBANK1     00A8
_ddia                             bssBANK1     00AC
_descomponer                      text31       0E5D
_dhora                            bssCOMMON    0077
_dia                              bssBANK0     0060
_dias                             bssBANK0     006A
_dmes                             bssBANK1     00AA
_dmin                             bssBANK0     0064
_dpowers                          strings      0810
_dseg                             bssBANK0     0066
_hora                             bssBANK0     0061
_horas                            bssBANK0     006B
_inttochar                        text30       0CFB
_leer_ano                         text21       0AD8
_leer_dia                         text20       0B1B
_leer_hora                        text18       0B5E
_leer_mes                         text17       0BA1
_leer_min                         text16       0BE4
_leer_sec                         text15       0A96
_main                             maintext     0028
_map                              text12       05FA
_mes                              bssBANK0     005F
_meses                            bssBANK0     0069
_min                              bssBANK0     0062
_minutos                          bssBANK0     006C
_modo                             bssBANK0     006F
_modoboton                        text10       0424
_sec                              bssBANK0     0063
_segundos                         bssBANK0     006D
_setup                            text7        098F
_setupINTOSC                      text6        0DFE
_sprintf                          text2        0537
_uano                             bssBANK1     00A9
_udia                             bssCOMMON    0076
_uhora                            bssCOMMON    0078
_umes                             bssBANK1     00AB
_umin                             bssBANK0     0065
_useg                             bssBANK0     0067
_valorLCD                         text1        0297
_verificacion                     text11       07D6
btemp                             (abs)        007E
clear_ram0                        clrtext      08B5
conv@convertido                   cstackBANK0  0025
conv@dec                          cstackBANK0  0024
conv@un                           cstackBANK0  0023
conv@valor                        cstackBANK0  0026
convh@convertidohora              cstackBANK0  0025
convh@dechora                     cstackBANK0  0024
convh@unhora                      cstackBANK0  0023
convh@valor2                      cstackBANK0  0026
descomponer@cent                  cstackBANK0  0032
descomponer@dec                   cstackBANK0  0034
descomponer@num                   cstackBANK0  002E
descomponer@pos                   cstackBANK0  002C
descomponer@uni                   cstackBANK0  0033
end_of_initialization             cinit        0024
interrupt_function                intentry     0004
intlevel0                         functab      0000
intlevel1                         functab      0000
intlevel2                         functab      0000
intlevel3                         functab      0000
intlevel4                         functab      0000
intlevel5                         functab      0000
inttochar@num                     cstackCOMMON 0074
map@eMax                          cstackBANK0  0042
map@eMin                          cstackBANK0  003E
map@sMax                          cstackBANK0  004A
map@sMin                          cstackBANK0  0046
map@x                             cstackBANK0  003A
reset_vec                         reset_vec    0000
saved_w                           (abs)        007E
setupINTOSC@IRCF                  cstackCOMMON 0074
sprintf@ap                        cstackBANK0  0033
sprintf@c                         cstackBANK0  0038
sprintf@f                         cstackBANK0  002C
sprintf@flag                      cstackBANK0  0032
sprintf@prec                      cstackBANK0  0036
sprintf@sp                        cstackBANK0  0037
sprintf@val                       cstackBANK0  0034
start                             init         000C
start_initialization              cinit        000F
wtemp0                            (abs)        007E


MODULE INFORMATION

Module		Function		Class		Link	Load	Size
conversiones.c
		_inttochar     		CODE           	0CFB	0000	80
		_descomponer   		CODE           	0E5D	0000	99

conversiones.c estimated size: 179

C:\Program Files\Microchip\xc8\v2.40\pic\sources\c90\common\Umul8.c
		___bmul        		CODE           	08FC	0000	23

C:\Program Files\Microchip\xc8\v2.40\pic\sources\c90\common\Umul8.c estimated size: 23

C:\Program Files\Microchip\xc8\v2.40\pic\sources\c90\common\awdiv.c
		___awdiv       		CODE           	0F28	0000	105

C:\Program Files\Microchip\xc8\v2.40\pic\sources\c90\common\awdiv.c estimated size: 105

mapf.c
		_map           		CODE           	05FA	0000	168

mapf.c estimated size: 168

C:\Program Files\Microchip\xc8\v2.40\pic\sources\c90\common\aldiv.c
		___aldiv       		CODE           	06A2	0000	157

C:\Program Files\Microchip\xc8\v2.40\pic\sources\c90\common\aldiv.c estimated size: 157

I2C.c
		_I2C_Master_Read		CODE           	09BB	0000	48
		_I2C_Master_Wait		CODE           	08EF	0000	13
		_I2C_Master_Init		CODE           	0A20	0000	58
		_I2C_Master_Stop		CODE           	08CF	0000	9
		_I2C_Master_RepeatedStart		CODE           	08BD	0000	9
		_I2C_Master_Write		CODE           	08D8	0000	10
		_I2C_Master_Start		CODE           	08C6	0000	9

I2C.c estimated size: 156

C:\Program Files\Microchip\xc8\v2.40\pic\sources\c90\common\__lldiv.c
		___lldiv       		CODE           	0EC0	0000	104

C:\Program Files\Microchip\xc8\v2.40\pic\sources\c90\common\__lldiv.c estimated size: 104

C:\Program Files\Microchip\xc8\v2.40\pic\sources\c90\common\doprnt.c
		_sprintf       		CODE           	0537	0000	195

C:\Program Files\Microchip\xc8\v2.40\pic\sources\c90\common\doprnt.c estimated size: 195

oscilador.c
		_setupINTOSC   		CODE           	0DFE	0000	95

oscilador.c estimated size: 95

C:\Program Files\Microchip\xc8\v2.40\pic\sources\c90\common\lwmod.c
		___lwmod       		CODE           	0A5A	0000	60

C:\Program Files\Microchip\xc8\v2.40\pic\sources\c90\common\lwmod.c estimated size: 60

shared
		__stringtab    		STRING         	0800	0000	16
		_dpowers       		STRING         	0810	0000	10
		__initialization		CODE           	000F	0000	21

shared estimated size: 47

lcd.c
		_Lcd_Write_String		CODE           	0C6D	0000	70
		_Lcd_Init      		CODE           	0F91	0000	111
		_Lcd_Write_Char		CODE           	09EB	0000	53
		_Lcd_Cmd       		CODE           	0913	0000	28
		_Lcd_Set_Cursor		CODE           	073F	0000	151
		_Lcd_Clear     		CODE           	08E2	0000	13
		_Lcd_Port      		CODE           	096D	0000	34

lcd.c estimated size: 460

C:\Program Files\Microchip\xc8\v2.40\pic\sources\c90\common\awmod.c
		___awmod       		CODE           	0DA3	0000	91

C:\Program Files\Microchip\xc8\v2.40\pic\sources\c90\common\awmod.c estimated size: 91

C:\Program Files\Microchip\xc8\v2.40\pic\sources\c90\common\Umul32.c
		___lmul        		CODE           	0CB3	0000	72

C:\Program Files\Microchip\xc8\v2.40\pic\sources\c90\common\Umul32.c estimated size: 72

main.c
		_ISR           		CODE           	0D4B	0000	88
		_verificacion  		CODE           	07D6	0000	39
		_main          		CODE           	0028	0000	623
		_modoboton     		CODE           	0424	0000	275
		_valorLCD      		CODE           	0297	0000	397
		_setup         		CODE           	098F	0000	44

main.c estimated size: 1466

RTC.c
		_leer_hora     		CODE           	0B5E	0000	67
		_convh         		CODE           	094E	0000	31
		_conv          		CODE           	092F	0000	31
		_leer_dia      		CODE           	0B1B	0000	67
		_leer_min      		CODE           	0BE4	0000	67
		_leer_mes      		CODE           	0BA1	0000	67
		_leer_sec      		CODE           	0A96	0000	66
		_leer_ano      		CODE           	0AD8	0000	67

RTC.c estimated size: 463

C:\Program Files\Microchip\xc8\v2.40\pic\sources\c90\common\lwdiv.c
		___lwdiv       		CODE           	0C27	0000	70

C:\Program Files\Microchip\xc8\v2.40\pic\sources\c90\common\lwdiv.c estimated size: 70

